// Jest Snapshot v1, https://goo.gl/fbAQLP

exports[`<PageWrapper /> should render correctly 1`] = `
<div
  className="bg-gray-200 relative h-full min-h-screen"
>
  <div
    id="mock-child"
  >
    Hello
  </div>
</div>
`;
